
> daisukiii@0.0.1 build
> astro build

[2m05:40:56[22m [34m[vite][39m Re-optimizing dependencies because vite config has changed
[2m05:40:57[22m [34m[content][39m Syncing content
[33m[1m05:40:57[22m [WARN] [glob-loader][39m No files found matching "**/*.{md,mdx}" in directory "src\content\blog"
[2m05:40:57[22m [34m[content][39m Synced content
[2m05:40:57[22m [34m[types][39m Generated [2m825ms[22m
[2m05:40:57[22m [34m[build][39m output: [34m"static"[39m
[2m05:40:57[22m [34m[build][39m mode: [34m"static"[39m
[2m05:40:57[22m [34m[build][39m directory: [34mC:\Users\daeho\Desktop\blog\daisukiii\dist\[39m
[2m05:40:57[22m [34m[build][39m Collecting build info...
[2m05:40:57[22m [34m[build][39m [32m??Completed in 871ms.[39m
[2m05:40:57[22m [34m[build][39m Building static entrypoints...
[33m[1m05:40:58[22m [WARN] [vite][39m [33m"matchHostname", "matchPathname", "matchPort" and "matchProtocol" are imported from external module "@astrojs/internal-helpers/remote" but never used in "node_modules/astro/dist/assets/utils/index.js".[39m
[2m05:40:59[22m [34m[vite][39m [32m??built in 1.65s[39m
[33m[1m05:40:59[22m [WARN] [vite][39m [33m[plugin vite:resolve] Module "crypto" has been externalized for browser compatibility, imported by "C:/Users/daeho/Desktop/blog/daisukiii/src/lib/utils.js". See https://vite.dev/guide/troubleshooting.html#module-externalized-for-browser-compatibility for more details.[39m
[33m[1m05:40:59[22m [WARN] [vite][39m [33m
(!) Some chunks are larger than 500 kB after minification. Consider:
- Using dynamic import() to code-split the application
- Use build.rollupOptions.output.manualChunks to improve chunking: https://rollupjs.org/configuration-options/#output-manualchunks
- Adjust chunk size limit for this warning via build.chunkSizeWarningLimit.[39m
[2m05:40:59[22m [34m[vite][39m [32m??built in 612ms[39m
[2m05:40:59[22m [34m[build][39m Rearranging server assets...

[42m[30m generating static routes [39m[49m
node.exe : The collection "
blog" does not exist or is 
empty. Please check your co
ntent config file for error
s.
위치 줄:1 문자:1
+ & "C:\Program Files\nodej
s/node.exe" "C:\Program Fil
es\nodejs/node_mo ...
+ ~~~~~~~~~~~~~~~~~~~~~~~~~
~~~~~~~~~~~~~~~~~~~~~~~~~~~
~~~~~~~~~~~~~~~~~
    + CategoryInfo         
     : NotSpecified: (The  
   collection ...ile for   
  errors.:String) [], R    
emoteException
    + FullyQualifiedErrorI 
   d : NativeCommandError
 
[2m05:40:59[22m   [34m?쒋?[39m [2m/about/index.html[22m [2m(+16ms)[22m 
[2m05:40:59[22m   [34m?쒋?[39m [2m/auth/callback/index.html[22m [2m(+6ms)[22m 
The collection "blog" does 
not exist or is empty. Plea
se check your content confi
g file for errors.
[2m05:40:59[22m   [34m?쒋?[39m [2m/blog/index.html[22m [2m(+6ms)[22m 
[2m05:40:59[22m   [34m?쒋?[39m [2m/jlpt/hiragana-test/index.html[22m [2m(+6ms)[22m 
[2m05:40:59[22m   [34m?쒋?[39m [2m/jlpt/vocab-timeattack/index.html[22m [2m(+7ms)[22m 
[2m05:40:59[22m   [34m?쒋?[39m [2m/mypage/index.html[22m [2m(+6ms)[22m 
[2m05:40:59[22m   [34m?쒋?[39m [2m/quiz/q01-25/index.html[22m [2m(+16ms)[22m 
[2m05:40:59[22m   [34m?쒋?[39m [2m/quiz/q101-125/index.html[22m [2m(+5ms)[22m 
[2m05:40:59[22m   [34m?쒋?[39m [2m/quiz/q126-150/index.html[22m [2m(+4ms)[22m 
[2m05:40:59[22m   [34m?쒋?[39m [2m/quiz/q151-175/index.html[22m [2m(+4ms)[22m 
[2m05:40:59[22m   [34m?쒋?[39m [2m/quiz/q176-200/index.html[22m [2m(+4ms)[22m 
[2m05:40:59[22m   [34m?쒋?[39m [2m/quiz/q201-225/index.html[22m [2m(+4ms)[22m 
[2m05:40:59[22m   [34m?쒋?[39m [2m/quiz/q226-250/index.html[22m [2m(+4ms)[22m 
[2m05:40:59[22m   [34m?쒋?[39m [2m/quiz/q251-275/index.html[22m [2m(+4ms)[22m 
[2m05:40:59[22m   [34m?쒋?[39m [2m/quiz/q26-50/index.html[22m [2m(+4ms)[22m 
[2m05:40:59[22m   [34m?쒋?[39m [2m/quiz/q276-300/index.html[22m [2m(+5ms)[22m 
[2m05:40:59[22m   [34m?쒋?[39m [2m/quiz/q301-325/index.html[22m [2m(+4ms)[22m 
[2m05:40:59[22m   [34m?쒋?[39m [2m/quiz/q326-350/index.html[22m [2m(+4ms)[22m 
[2m05:40:59[22m   [34m?쒋?[39m [2m/quiz/q351-375/index.html[22m [2m(+4ms)[22m 
[2m05:40:59[22m   [34m?쒋?[39m [2m/quiz/q376-400/index.html[22m [2m(+4ms)[22m 
[2m05:40:59[22m   [34m?쒋?[39m [2m/quiz/q401-425/index.html[22m [2m(+4ms)[22m 
[2m05:40:59[22m   [34m?쒋?[39m [2m/quiz/q426-450/index.html[22m [2m(+4ms)[22m 
[2m05:40:59[22m   [34m?쒋?[39m [2m/quiz/q451-475/index.html[22m [2m(+4ms)[22m 
[2m05:40:59[22m   [34m?쒋?[39m [2m/quiz/q476-500/index.html[22m [2m(+4ms)[22m 
[2m05:40:59[22m   [34m?쒋?[39m [2m/quiz/q501-525/index.html[22m [2m(+4ms)[22m 
[2m05:40:59[22m   [34m?쒋?[39m [2m/quiz/q51-75/index.html[22m [2m(+3ms)[22m 
[2m05:40:59[22m   [34m?쒋?[39m [2m/quiz/q526-550/index.html[22m [2m(+4ms)[22m 
[2m05:40:59[22m   [34m?쒋?[39m [2m/quiz/q551-575/index.html[22m [2m(+4ms)[22m 
[2m05:40:59[22m   [34m?쒋?[39m [2m/quiz/q576-600/index.html[22m [2m(+4ms)[22m 
[2m05:40:59[22m   [34m?쒋?[39m [2m/quiz/q601-625/index.html[22m [2m(+4ms)[22m 
[2m05:40:59[22m   [34m?쒋?[39m [2m/quiz/q626-650/index.html[22m [2m(+5ms)[22m 
[2m05:40:59[22m   [34m?쒋?[39m [2m/quiz/q651-675/index.html[22m [2m(+12ms)[22m 
[2m05:40:59[22m   [34m?쒋?[39m [2m/quiz/q676-700/index.html[22m [2m(+6ms)[22m 
[2m05:40:59[22m   [34m?쒋?[39m [2m/quiz/q701-725/index.html[22m [2m(+6ms)[22m 
[2m05:40:59[22m   [34m?쒋?[39m [2m/quiz/q76-100/index.html[22m [2m(+6ms)[22m 
[2m05:40:59[22m   [34m?쒋?[39m [2m/quiz/cfd4cf/index.html[22m [2m(+7ms)[22m 
[2m05:40:59[22m   [34m?쒋?[39m [2m/quiz/8851ab/index.html[22m [2m(+6ms)[22m 
[2m05:40:59[22m   [34m?쒋?[39m [2m/quiz/9a4104/index.html[22m [2m(+6ms)[22m 
[2m05:40:59[22m   [34m?쒋?[39m [2m/quiz/9cc2f0/index.html[22m [2m(+5ms)[22m 
[2m05:40:59[22m   [34m?쒋?[39m [2m/quiz/269ccd/index.html[22m [2m(+4ms)[22m 
[2m05:40:59[22m   [34m?쒋?[39m [2m/quiz/cca38f/index.html[22m [2m(+4ms)[22m 
[2m05:41:00[22m   [34m?쒋?[39m [2m/quiz/64a7dc/index.html[22m [2m(+11ms)[22m 
[2m05:41:00[22m   [34m?쒋?[39m [2m/quiz/5bd79d/index.html[22m [2m(+6ms)[22m 
[2m05:41:00[22m   [34m?쒋?[39m [2m/quiz/a26086/index.html[22m [2m(+5ms)[22m 
[2m05:41:00[22m   [34m?쒋?[39m [2m/quiz/ad61ab/index.html[22m [2m(+4ms)[22m 
[2m05:41:00[22m   [34m?쒋?[39m [2m/quiz/22b955/index.html[22m [2m(+5ms)[22m 
[2m05:41:00[22m   [34m?쒋?[39m [2m/quiz/69aedc/index.html[22m [2m(+4ms)[22m 
[2m05:41:00[22m   [34m?쒋?[39m [2m/quiz/013b9e/index.html[22m [2m(+4ms)[22m 
[2m05:41:00[22m   [34m?쒋?[39m [2m/quiz/5d75db/index.html[22m [2m(+4ms)[22m 
[2m05:41:00[22m   [34m?쒋?[39m [2m/quiz/ef53f5/index.html[22m [2m(+4ms)[22m 
[2m05:41:00[22m   [34m?쒋?[39m [2m/quiz/b189d4/index.html[22m [2m(+4ms)[22m 
[2m05:41:00[22m   [34m?쒋?[39m [2m/quiz/88bd21/index.html[22m [2m(+4ms)[22m 
[2m05:41:00[22m   [34m?쒋?[39m [2m/quiz/93f01f/index.html[22m [2m(+4ms)[22m 
[2m05:41:00[22m   [34m?쒋?[39m [2m/quiz/27480f/index.html[22m [2m(+4ms)[22m 
[2m05:41:00[22m   [34m?쒋?[39m [2m/quiz/1d5550/index.html[22m [2m(+4ms)[22m 
[2m05:41:00[22m   [34m?쒋?[39m [2m/quiz/9881d0/index.html[22m [2m(+4ms)[22m 
[2m05:41:00[22m   [34m?쒋?[39m [2m/quiz/f3ddf4/index.html[22m [2m(+4ms)[22m 
[2m05:41:00[22m   [34m?쒋?[39m [2m/quiz/919224/index.html[22m [2m(+4ms)[22m 
[2m05:41:00[22m   [34m?쒋?[39m [2m/quiz/72138f/index.html[22m [2m(+4ms)[22m 
[2m05:41:00[22m   [34m?쒋?[39m [2m/quiz/7043dc/index.html[22m [2m(+4ms)[22m 
[2m05:41:00[22m   [34m?쒋?[39m [2m/quiz/18b3c7/index.html[22m [2m(+5ms)[22m 
[2m05:41:00[22m   [34m?쒋?[39m [2m/quiz/a9bbee/index.html[22m [2m(+4ms)[22m 
[2m05:41:00[22m   [34m?쒋?[39m [2m/quiz/624835/index.html[22m [2m(+4ms)[22m 
[2m05:41:00[22m   [34m?쒋?[39m [2m/quiz/8a1516/index.html[22m [2m(+4ms)[22m 
[2m05:41:00[22m   [34m?쒋?[39m [2m/quiz/index.html[22m [2m(+5ms)[22m 
The collection "blog" does 
not exist or is empty. Plea
se check your content confi
g file for errors.
[2m05:41:00[22m   [34m?쒋?[39m [2m/rss.xml[22m [2m(+38ms)[22m 
[2m05:41:00[22m   [34m?쒋?[39m [2m/toeic/grammar/index.html[22m [2m(+5ms)[22m 
[2m05:41:00[22m   [34m?쒋?[39m [2m/toeic/phrases/index.html[22m [2m(+5ms)[22m 
[2m05:41:00[22m   [34m?쒋?[39m [2m/toeic/index.html[22m [2m(+5ms)[22m 
[2m05:41:00[22m   [34m?쒋?[39m [2m/topics/index.html[22m [2m(+8ms)[22m 
[2m05:41:00[22m   [34m?쒋?[39m [2m/index.html[22m [2m(+5ms)[22m 
[2m05:41:00[22m [32m??Completed in 477ms.
[39m
[2m05:41:00[22m [34m[build][39m [32m??Completed in 2.85s.[39m
[2m05:41:00[22m [34m[@astrojs/sitemap][39m `sitemap-index.xml` created at `dist`
[2m05:41:00[22m [34m[build][39m 70 page(s) built in [1m3.75s[22m
[2m05:41:00[22m [34m[build][39m [1mComplete![22m
